[Aged Brie,10,11] => new List<Item>()
{
    [0] = new Item()
    {
        Name = "Aged Brie"
        SellIn = 10
        Quality = 11
    }
}
[Aged Brie,10,6] => new List<Item>()
{
    [0] = new Item()
    {
        Name = "Aged Brie"
        SellIn = 5
        Quality = 11
    }
}
[Aged Brie,10,0] => new List<Item>()
{
    [0] = new Item()
    {
        Name = "Aged Brie"
        SellIn = -1
        Quality = 12
    }
}
[Aged Brie,10,-1] => new List<Item>()
{
    [0] = new Item()
    {
        Name = "Aged Brie"
        SellIn = -2
        Quality = 12
    }
}
[Aged Brie,10,-2147483648] => new List<Item>()
{
    [0] = new Item()
    {
        Name = "Aged Brie"
        SellIn = 2147483647
        Quality = 11
    }
}
[Aged Brie,10,2147483647] => new List<Item>()
{
    [0] = new Item()
    {
        Name = "Aged Brie"
        SellIn = 2147483646
        Quality = 11
    }
}
[Aged Brie,0,11] => new List<Item>()
{
    [0] = new Item()
    {
        Name = "Aged Brie"
        SellIn = 10
        Quality = 1
    }
}
[Aged Brie,0,6] => new List<Item>()
{
    [0] = new Item()
    {
        Name = "Aged Brie"
        SellIn = 5
        Quality = 1
    }
}
[Aged Brie,0,0] => new List<Item>()
{
    [0] = new Item()
    {
        Name = "Aged Brie"
        SellIn = -1
        Quality = 2
    }
}
[Aged Brie,0,-1] => new List<Item>()
{
    [0] = new Item()
    {
        Name = "Aged Brie"
        SellIn = -2
        Quality = 2
    }
}
[Aged Brie,0,-2147483648] => new List<Item>()
{
    [0] = new Item()
    {
        Name = "Aged Brie"
        SellIn = 2147483647
        Quality = 1
    }
}
[Aged Brie,0,2147483647] => new List<Item>()
{
    [0] = new Item()
    {
        Name = "Aged Brie"
        SellIn = 2147483646
        Quality = 1
    }
}
[Aged Brie,-1,11] => new List<Item>()
{
    [0] = new Item()
    {
        Name = "Aged Brie"
        SellIn = 10
        Quality = 0
    }
}
[Aged Brie,-1,6] => new List<Item>()
{
    [0] = new Item()
    {
        Name = "Aged Brie"
        SellIn = 5
        Quality = 0
    }
}
[Aged Brie,-1,0] => new List<Item>()
{
    [0] = new Item()
    {
        Name = "Aged Brie"
        SellIn = -1
        Quality = 1
    }
}
[Aged Brie,-1,-1] => new List<Item>()
{
    [0] = new Item()
    {
        Name = "Aged Brie"
        SellIn = -2
        Quality = 1
    }
}
[Aged Brie,-1,-2147483648] => new List<Item>()
{
    [0] = new Item()
    {
        Name = "Aged Brie"
        SellIn = 2147483647
        Quality = 0
    }
}
[Aged Brie,-1,2147483647] => new List<Item>()
{
    [0] = new Item()
    {
        Name = "Aged Brie"
        SellIn = 2147483646
        Quality = 0
    }
}
[Aged Brie,50,11] => new List<Item>()
{
    [0] = new Item()
    {
        Name = "Aged Brie"
        SellIn = 10
        Quality = 50
    }
}
[Aged Brie,50,6] => new List<Item>()
{
    [0] = new Item()
    {
        Name = "Aged Brie"
        SellIn = 5
        Quality = 50
    }
}
[Aged Brie,50,0] => new List<Item>()
{
    [0] = new Item()
    {
        Name = "Aged Brie"
        SellIn = -1
        Quality = 50
    }
}
[Aged Brie,50,-1] => new List<Item>()
{
    [0] = new Item()
    {
        Name = "Aged Brie"
        SellIn = -2
        Quality = 50
    }
}
[Aged Brie,50,-2147483648] => new List<Item>()
{
    [0] = new Item()
    {
        Name = "Aged Brie"
        SellIn = 2147483647
        Quality = 50
    }
}
[Aged Brie,50,2147483647] => new List<Item>()
{
    [0] = new Item()
    {
        Name = "Aged Brie"
        SellIn = 2147483646
        Quality = 50
    }
}
[Aged Brie,51,11] => new List<Item>()
{
    [0] = new Item()
    {
        Name = "Aged Brie"
        SellIn = 10
        Quality = 51
    }
}
[Aged Brie,51,6] => new List<Item>()
{
    [0] = new Item()
    {
        Name = "Aged Brie"
        SellIn = 5
        Quality = 51
    }
}
[Aged Brie,51,0] => new List<Item>()
{
    [0] = new Item()
    {
        Name = "Aged Brie"
        SellIn = -1
        Quality = 51
    }
}
[Aged Brie,51,-1] => new List<Item>()
{
    [0] = new Item()
    {
        Name = "Aged Brie"
        SellIn = -2
        Quality = 51
    }
}
[Aged Brie,51,-2147483648] => new List<Item>()
{
    [0] = new Item()
    {
        Name = "Aged Brie"
        SellIn = 2147483647
        Quality = 51
    }
}
[Aged Brie,51,2147483647] => new List<Item>()
{
    [0] = new Item()
    {
        Name = "Aged Brie"
        SellIn = 2147483646
        Quality = 51
    }
}
[Aged Brie,-2147483648,11] => new List<Item>()
{
    [0] = new Item()
    {
        Name = "Aged Brie"
        SellIn = 10
        Quality = -2147483647
    }
}
[Aged Brie,-2147483648,6] => new List<Item>()
{
    [0] = new Item()
    {
        Name = "Aged Brie"
        SellIn = 5
        Quality = -2147483647
    }
}
[Aged Brie,-2147483648,0] => new List<Item>()
{
    [0] = new Item()
    {
        Name = "Aged Brie"
        SellIn = -1
        Quality = -2147483646
    }
}
[Aged Brie,-2147483648,-1] => new List<Item>()
{
    [0] = new Item()
    {
        Name = "Aged Brie"
        SellIn = -2
        Quality = -2147483646
    }
}
[Aged Brie,-2147483648,-2147483648] => new List<Item>()
{
    [0] = new Item()
    {
        Name = "Aged Brie"
        SellIn = 2147483647
        Quality = -2147483647
    }
}
[Aged Brie,-2147483648,2147483647] => new List<Item>()
{
    [0] = new Item()
    {
        Name = "Aged Brie"
        SellIn = 2147483646
        Quality = -2147483647
    }
}
[Aged Brie,2147483647,11] => new List<Item>()
{
    [0] = new Item()
    {
        Name = "Aged Brie"
        SellIn = 10
        Quality = 2147483647
    }
}
[Aged Brie,2147483647,6] => new List<Item>()
{
    [0] = new Item()
    {
        Name = "Aged Brie"
        SellIn = 5
        Quality = 2147483647
    }
}
[Aged Brie,2147483647,0] => new List<Item>()
{
    [0] = new Item()
    {
        Name = "Aged Brie"
        SellIn = -1
        Quality = 2147483647
    }
}
[Aged Brie,2147483647,-1] => new List<Item>()
{
    [0] = new Item()
    {
        Name = "Aged Brie"
        SellIn = -2
        Quality = 2147483647
    }
}
[Aged Brie,2147483647,-2147483648] => new List<Item>()
{
    [0] = new Item()
    {
        Name = "Aged Brie"
        SellIn = 2147483647
        Quality = 2147483647
    }
}
[Aged Brie,2147483647,2147483647] => new List<Item>()
{
    [0] = new Item()
    {
        Name = "Aged Brie"
        SellIn = 2147483646
        Quality = 2147483647
    }
}
[Backstage passes to a TAFKAL80ETC concert,10,11] => new List<Item>()
{
    [0] = new Item()
    {
        Name = "Backstage passes to a TAFKAL80ETC concert"
        SellIn = 10
        Quality = 11
    }
}
[Backstage passes to a TAFKAL80ETC concert,10,6] => new List<Item>()
{
    [0] = new Item()
    {
        Name = "Backstage passes to a TAFKAL80ETC concert"
        SellIn = 5
        Quality = 12
    }
}
[Backstage passes to a TAFKAL80ETC concert,10,0] => new List<Item>()
{
    [0] = new Item()
    {
        Name = "Backstage passes to a TAFKAL80ETC concert"
        SellIn = -1
        Quality = 0
    }
}
[Backstage passes to a TAFKAL80ETC concert,10,-1] => new List<Item>()
{
    [0] = new Item()
    {
        Name = "Backstage passes to a TAFKAL80ETC concert"
        SellIn = -2
        Quality = 0
    }
}
[Backstage passes to a TAFKAL80ETC concert,10,-2147483648] => new List<Item>()
{
    [0] = new Item()
    {
        Name = "Backstage passes to a TAFKAL80ETC concert"
        SellIn = 2147483647
        Quality = 13
    }
}
[Backstage passes to a TAFKAL80ETC concert,10,2147483647] => new List<Item>()
{
    [0] = new Item()
    {
        Name = "Backstage passes to a TAFKAL80ETC concert"
        SellIn = 2147483646
        Quality = 11
    }
}
[Backstage passes to a TAFKAL80ETC concert,0,11] => new List<Item>()
{
    [0] = new Item()
    {
        Name = "Backstage passes to a TAFKAL80ETC concert"
        SellIn = 10
        Quality = 1
    }
}
[Backstage passes to a TAFKAL80ETC concert,0,6] => new List<Item>()
{
    [0] = new Item()
    {
        Name = "Backstage passes to a TAFKAL80ETC concert"
        SellIn = 5
        Quality = 2
    }
}
[Backstage passes to a TAFKAL80ETC concert,0,0] => new List<Item>()
{
    [0] = new Item()
    {
        Name = "Backstage passes to a TAFKAL80ETC concert"
        SellIn = -1
        Quality = 0
    }
}
[Backstage passes to a TAFKAL80ETC concert,0,-1] => new List<Item>()
{
    [0] = new Item()
    {
        Name = "Backstage passes to a TAFKAL80ETC concert"
        SellIn = -2
        Quality = 0
    }
}
[Backstage passes to a TAFKAL80ETC concert,0,-2147483648] => new List<Item>()
{
    [0] = new Item()
    {
        Name = "Backstage passes to a TAFKAL80ETC concert"
        SellIn = 2147483647
        Quality = 3
    }
}
[Backstage passes to a TAFKAL80ETC concert,0,2147483647] => new List<Item>()
{
    [0] = new Item()
    {
        Name = "Backstage passes to a TAFKAL80ETC concert"
        SellIn = 2147483646
        Quality = 1
    }
}
[Backstage passes to a TAFKAL80ETC concert,-1,11] => new List<Item>()
{
    [0] = new Item()
    {
        Name = "Backstage passes to a TAFKAL80ETC concert"
        SellIn = 10
        Quality = 0
    }
}
[Backstage passes to a TAFKAL80ETC concert,-1,6] => new List<Item>()
{
    [0] = new Item()
    {
        Name = "Backstage passes to a TAFKAL80ETC concert"
        SellIn = 5
        Quality = 1
    }
}
[Backstage passes to a TAFKAL80ETC concert,-1,0] => new List<Item>()
{
    [0] = new Item()
    {
        Name = "Backstage passes to a TAFKAL80ETC concert"
        SellIn = -1
        Quality = 0
    }
}
[Backstage passes to a TAFKAL80ETC concert,-1,-1] => new List<Item>()
{
    [0] = new Item()
    {
        Name = "Backstage passes to a TAFKAL80ETC concert"
        SellIn = -2
        Quality = 0
    }
}
[Backstage passes to a TAFKAL80ETC concert,-1,-2147483648] => new List<Item>()
{
    [0] = new Item()
    {
        Name = "Backstage passes to a TAFKAL80ETC concert"
        SellIn = 2147483647
        Quality = 2
    }
}
[Backstage passes to a TAFKAL80ETC concert,-1,2147483647] => new List<Item>()
{
    [0] = new Item()
    {
        Name = "Backstage passes to a TAFKAL80ETC concert"
        SellIn = 2147483646
        Quality = 0
    }
}
[Backstage passes to a TAFKAL80ETC concert,50,11] => new List<Item>()
{
    [0] = new Item()
    {
        Name = "Backstage passes to a TAFKAL80ETC concert"
        SellIn = 10
        Quality = 50
    }
}
[Backstage passes to a TAFKAL80ETC concert,50,6] => new List<Item>()
{
    [0] = new Item()
    {
        Name = "Backstage passes to a TAFKAL80ETC concert"
        SellIn = 5
        Quality = 50
    }
}
[Backstage passes to a TAFKAL80ETC concert,50,0] => new List<Item>()
{
    [0] = new Item()
    {
        Name = "Backstage passes to a TAFKAL80ETC concert"
        SellIn = -1
        Quality = 0
    }
}
[Backstage passes to a TAFKAL80ETC concert,50,-1] => new List<Item>()
{
    [0] = new Item()
    {
        Name = "Backstage passes to a TAFKAL80ETC concert"
        SellIn = -2
        Quality = 0
    }
}
[Backstage passes to a TAFKAL80ETC concert,50,-2147483648] => new List<Item>()
{
    [0] = new Item()
    {
        Name = "Backstage passes to a TAFKAL80ETC concert"
        SellIn = 2147483647
        Quality = 50
    }
}
[Backstage passes to a TAFKAL80ETC concert,50,2147483647] => new List<Item>()
{
    [0] = new Item()
    {
        Name = "Backstage passes to a TAFKAL80ETC concert"
        SellIn = 2147483646
        Quality = 50
    }
}
[Backstage passes to a TAFKAL80ETC concert,51,11] => new List<Item>()
{
    [0] = new Item()
    {
        Name = "Backstage passes to a TAFKAL80ETC concert"
        SellIn = 10
        Quality = 51
    }
}
[Backstage passes to a TAFKAL80ETC concert,51,6] => new List<Item>()
{
    [0] = new Item()
    {
        Name = "Backstage passes to a TAFKAL80ETC concert"
        SellIn = 5
        Quality = 51
    }
}
[Backstage passes to a TAFKAL80ETC concert,51,0] => new List<Item>()
{
    [0] = new Item()
    {
        Name = "Backstage passes to a TAFKAL80ETC concert"
        SellIn = -1
        Quality = 0
    }
}
[Backstage passes to a TAFKAL80ETC concert,51,-1] => new List<Item>()
{
    [0] = new Item()
    {
        Name = "Backstage passes to a TAFKAL80ETC concert"
        SellIn = -2
        Quality = 0
    }
}
[Backstage passes to a TAFKAL80ETC concert,51,-2147483648] => new List<Item>()
{
    [0] = new Item()
    {
        Name = "Backstage passes to a TAFKAL80ETC concert"
        SellIn = 2147483647
        Quality = 51
    }
}
[Backstage passes to a TAFKAL80ETC concert,51,2147483647] => new List<Item>()
{
    [0] = new Item()
    {
        Name = "Backstage passes to a TAFKAL80ETC concert"
        SellIn = 2147483646
        Quality = 51
    }
}
[Backstage passes to a TAFKAL80ETC concert,-2147483648,11] => new List<Item>()
{
    [0] = new Item()
    {
        Name = "Backstage passes to a TAFKAL80ETC concert"
        SellIn = 10
        Quality = -2147483647
    }
}
[Backstage passes to a TAFKAL80ETC concert,-2147483648,6] => new List<Item>()
{
    [0] = new Item()
    {
        Name = "Backstage passes to a TAFKAL80ETC concert"
        SellIn = 5
        Quality = -2147483646
    }
}
[Backstage passes to a TAFKAL80ETC concert,-2147483648,0] => new List<Item>()
{
    [0] = new Item()
    {
        Name = "Backstage passes to a TAFKAL80ETC concert"
        SellIn = -1
        Quality = 0
    }
}
[Backstage passes to a TAFKAL80ETC concert,-2147483648,-1] => new List<Item>()
{
    [0] = new Item()
    {
        Name = "Backstage passes to a TAFKAL80ETC concert"
        SellIn = -2
        Quality = 0
    }
}
[Backstage passes to a TAFKAL80ETC concert,-2147483648,-2147483648] => new List<Item>()
{
    [0] = new Item()
    {
        Name = "Backstage passes to a TAFKAL80ETC concert"
        SellIn = 2147483647
        Quality = -2147483645
    }
}
[Backstage passes to a TAFKAL80ETC concert,-2147483648,2147483647] => new List<Item>()
{
    [0] = new Item()
    {
        Name = "Backstage passes to a TAFKAL80ETC concert"
        SellIn = 2147483646
        Quality = -2147483647
    }
}
[Backstage passes to a TAFKAL80ETC concert,2147483647,11] => new List<Item>()
{
    [0] = new Item()
    {
        Name = "Backstage passes to a TAFKAL80ETC concert"
        SellIn = 10
        Quality = 2147483647
    }
}
[Backstage passes to a TAFKAL80ETC concert,2147483647,6] => new List<Item>()
{
    [0] = new Item()
    {
        Name = "Backstage passes to a TAFKAL80ETC concert"
        SellIn = 5
        Quality = 2147483647
    }
}
[Backstage passes to a TAFKAL80ETC concert,2147483647,0] => new List<Item>()
{
    [0] = new Item()
    {
        Name = "Backstage passes to a TAFKAL80ETC concert"
        SellIn = -1
        Quality = 0
    }
}
[Backstage passes to a TAFKAL80ETC concert,2147483647,-1] => new List<Item>()
{
    [0] = new Item()
    {
        Name = "Backstage passes to a TAFKAL80ETC concert"
        SellIn = -2
        Quality = 0
    }
}
[Backstage passes to a TAFKAL80ETC concert,2147483647,-2147483648] => new List<Item>()
{
    [0] = new Item()
    {
        Name = "Backstage passes to a TAFKAL80ETC concert"
        SellIn = 2147483647
        Quality = 2147483647
    }
}
[Backstage passes to a TAFKAL80ETC concert,2147483647,2147483647] => new List<Item>()
{
    [0] = new Item()
    {
        Name = "Backstage passes to a TAFKAL80ETC concert"
        SellIn = 2147483646
        Quality = 2147483647
    }
}
[alex,10,11] => new List<Item>()
{
    [0] = new Item()
    {
        Name = "alex"
        SellIn = 10
        Quality = 9
    }
}
[alex,10,6] => new List<Item>()
{
    [0] = new Item()
    {
        Name = "alex"
        SellIn = 5
        Quality = 9
    }
}
[alex,10,0] => new List<Item>()
{
    [0] = new Item()
    {
        Name = "alex"
        SellIn = -1
        Quality = 8
    }
}
[alex,10,-1] => new List<Item>()
{
    [0] = new Item()
    {
        Name = "alex"
        SellIn = -2
        Quality = 8
    }
}
[alex,10,-2147483648] => new List<Item>()
{
    [0] = new Item()
    {
        Name = "alex"
        SellIn = 2147483647
        Quality = 9
    }
}
[alex,10,2147483647] => new List<Item>()
{
    [0] = new Item()
    {
        Name = "alex"
        SellIn = 2147483646
        Quality = 9
    }
}
[alex,0,11] => new List<Item>()
{
    [0] = new Item()
    {
        Name = "alex"
        SellIn = 10
        Quality = 0
    }
}
[alex,0,6] => new List<Item>()
{
    [0] = new Item()
    {
        Name = "alex"
        SellIn = 5
        Quality = 0
    }
}
[alex,0,0] => new List<Item>()
{
    [0] = new Item()
    {
        Name = "alex"
        SellIn = -1
        Quality = 0
    }
}
[alex,0,-1] => new List<Item>()
{
    [0] = new Item()
    {
        Name = "alex"
        SellIn = -2
        Quality = 0
    }
}
[alex,0,-2147483648] => new List<Item>()
{
    [0] = new Item()
    {
        Name = "alex"
        SellIn = 2147483647
        Quality = 0
    }
}
[alex,0,2147483647] => new List<Item>()
{
    [0] = new Item()
    {
        Name = "alex"
        SellIn = 2147483646
        Quality = 0
    }
}
[alex,-1,11] => new List<Item>()
{
    [0] = new Item()
    {
        Name = "alex"
        SellIn = 10
        Quality = -1
    }
}
[alex,-1,6] => new List<Item>()
{
    [0] = new Item()
    {
        Name = "alex"
        SellIn = 5
        Quality = -1
    }
}
[alex,-1,0] => new List<Item>()
{
    [0] = new Item()
    {
        Name = "alex"
        SellIn = -1
        Quality = -1
    }
}
[alex,-1,-1] => new List<Item>()
{
    [0] = new Item()
    {
        Name = "alex"
        SellIn = -2
        Quality = -1
    }
}
[alex,-1,-2147483648] => new List<Item>()
{
    [0] = new Item()
    {
        Name = "alex"
        SellIn = 2147483647
        Quality = -1
    }
}
[alex,-1,2147483647] => new List<Item>()
{
    [0] = new Item()
    {
        Name = "alex"
        SellIn = 2147483646
        Quality = -1
    }
}
[alex,50,11] => new List<Item>()
{
    [0] = new Item()
    {
        Name = "alex"
        SellIn = 10
        Quality = 49
    }
}
[alex,50,6] => new List<Item>()
{
    [0] = new Item()
    {
        Name = "alex"
        SellIn = 5
        Quality = 49
    }
}
[alex,50,0] => new List<Item>()
{
    [0] = new Item()
    {
        Name = "alex"
        SellIn = -1
        Quality = 48
    }
}
[alex,50,-1] => new List<Item>()
{
    [0] = new Item()
    {
        Name = "alex"
        SellIn = -2
        Quality = 48
    }
}
[alex,50,-2147483648] => new List<Item>()
{
    [0] = new Item()
    {
        Name = "alex"
        SellIn = 2147483647
        Quality = 49
    }
}
[alex,50,2147483647] => new List<Item>()
{
    [0] = new Item()
    {
        Name = "alex"
        SellIn = 2147483646
        Quality = 49
    }
}
[alex,51,11] => new List<Item>()
{
    [0] = new Item()
    {
        Name = "alex"
        SellIn = 10
        Quality = 50
    }
}
[alex,51,6] => new List<Item>()
{
    [0] = new Item()
    {
        Name = "alex"
        SellIn = 5
        Quality = 50
    }
}
[alex,51,0] => new List<Item>()
{
    [0] = new Item()
    {
        Name = "alex"
        SellIn = -1
        Quality = 49
    }
}
[alex,51,-1] => new List<Item>()
{
    [0] = new Item()
    {
        Name = "alex"
        SellIn = -2
        Quality = 49
    }
}
[alex,51,-2147483648] => new List<Item>()
{
    [0] = new Item()
    {
        Name = "alex"
        SellIn = 2147483647
        Quality = 50
    }
}
[alex,51,2147483647] => new List<Item>()
{
    [0] = new Item()
    {
        Name = "alex"
        SellIn = 2147483646
        Quality = 50
    }
}
[alex,-2147483648,11] => new List<Item>()
{
    [0] = new Item()
    {
        Name = "alex"
        SellIn = 10
        Quality = -2147483648
    }
}
[alex,-2147483648,6] => new List<Item>()
{
    [0] = new Item()
    {
        Name = "alex"
        SellIn = 5
        Quality = -2147483648
    }
}
[alex,-2147483648,0] => new List<Item>()
{
    [0] = new Item()
    {
        Name = "alex"
        SellIn = -1
        Quality = -2147483648
    }
}
[alex,-2147483648,-1] => new List<Item>()
{
    [0] = new Item()
    {
        Name = "alex"
        SellIn = -2
        Quality = -2147483648
    }
}
[alex,-2147483648,-2147483648] => new List<Item>()
{
    [0] = new Item()
    {
        Name = "alex"
        SellIn = 2147483647
        Quality = -2147483648
    }
}
[alex,-2147483648,2147483647] => new List<Item>()
{
    [0] = new Item()
    {
        Name = "alex"
        SellIn = 2147483646
        Quality = -2147483648
    }
}
[alex,2147483647,11] => new List<Item>()
{
    [0] = new Item()
    {
        Name = "alex"
        SellIn = 10
        Quality = 2147483646
    }
}
[alex,2147483647,6] => new List<Item>()
{
    [0] = new Item()
    {
        Name = "alex"
        SellIn = 5
        Quality = 2147483646
    }
}
[alex,2147483647,0] => new List<Item>()
{
    [0] = new Item()
    {
        Name = "alex"
        SellIn = -1
        Quality = 2147483645
    }
}
[alex,2147483647,-1] => new List<Item>()
{
    [0] = new Item()
    {
        Name = "alex"
        SellIn = -2
        Quality = 2147483645
    }
}
[alex,2147483647,-2147483648] => new List<Item>()
{
    [0] = new Item()
    {
        Name = "alex"
        SellIn = 2147483647
        Quality = 2147483646
    }
}
[alex,2147483647,2147483647] => new List<Item>()
{
    [0] = new Item()
    {
        Name = "alex"
        SellIn = 2147483646
        Quality = 2147483646
    }
}
[Sulfuras, Hand of Ragnaros,10,11] => new List<Item>()
{
    [0] = new Item()
    {
        Name = "Sulfuras, Hand of Ragnaros"
        SellIn = 11
        Quality = 10
    }
}
[Sulfuras, Hand of Ragnaros,10,6] => new List<Item>()
{
    [0] = new Item()
    {
        Name = "Sulfuras, Hand of Ragnaros"
        SellIn = 6
        Quality = 10
    }
}
[Sulfuras, Hand of Ragnaros,10,0] => new List<Item>()
{
    [0] = new Item()
    {
        Name = "Sulfuras, Hand of Ragnaros"
        SellIn = 0
        Quality = 10
    }
}
[Sulfuras, Hand of Ragnaros,10,-1] => new List<Item>()
{
    [0] = new Item()
    {
        Name = "Sulfuras, Hand of Ragnaros"
        SellIn = -1
        Quality = 10
    }
}
[Sulfuras, Hand of Ragnaros,10,-2147483648] => new List<Item>()
{
    [0] = new Item()
    {
        Name = "Sulfuras, Hand of Ragnaros"
        SellIn = -2147483648
        Quality = 10
    }
}
[Sulfuras, Hand of Ragnaros,10,2147483647] => new List<Item>()
{
    [0] = new Item()
    {
        Name = "Sulfuras, Hand of Ragnaros"
        SellIn = 2147483647
        Quality = 10
    }
}
[Sulfuras, Hand of Ragnaros,0,11] => new List<Item>()
{
    [0] = new Item()
    {
        Name = "Sulfuras, Hand of Ragnaros"
        SellIn = 11
        Quality = 0
    }
}
[Sulfuras, Hand of Ragnaros,0,6] => new List<Item>()
{
    [0] = new Item()
    {
        Name = "Sulfuras, Hand of Ragnaros"
        SellIn = 6
        Quality = 0
    }
}
[Sulfuras, Hand of Ragnaros,0,0] => new List<Item>()
{
    [0] = new Item()
    {
        Name = "Sulfuras, Hand of Ragnaros"
        SellIn = 0
        Quality = 0
    }
}
[Sulfuras, Hand of Ragnaros,0,-1] => new List<Item>()
{
    [0] = new Item()
    {
        Name = "Sulfuras, Hand of Ragnaros"
        SellIn = -1
        Quality = 0
    }
}
[Sulfuras, Hand of Ragnaros,0,-2147483648] => new List<Item>()
{
    [0] = new Item()
    {
        Name = "Sulfuras, Hand of Ragnaros"
        SellIn = -2147483648
        Quality = 0
    }
}
[Sulfuras, Hand of Ragnaros,0,2147483647] => new List<Item>()
{
    [0] = new Item()
    {
        Name = "Sulfuras, Hand of Ragnaros"
        SellIn = 2147483647
        Quality = 0
    }
}
[Sulfuras, Hand of Ragnaros,-1,11] => new List<Item>()
{
    [0] = new Item()
    {
        Name = "Sulfuras, Hand of Ragnaros"
        SellIn = 11
        Quality = -1
    }
}
[Sulfuras, Hand of Ragnaros,-1,6] => new List<Item>()
{
    [0] = new Item()
    {
        Name = "Sulfuras, Hand of Ragnaros"
        SellIn = 6
        Quality = -1
    }
}
[Sulfuras, Hand of Ragnaros,-1,0] => new List<Item>()
{
    [0] = new Item()
    {
        Name = "Sulfuras, Hand of Ragnaros"
        SellIn = 0
        Quality = -1
    }
}
[Sulfuras, Hand of Ragnaros,-1,-1] => new List<Item>()
{
    [0] = new Item()
    {
        Name = "Sulfuras, Hand of Ragnaros"
        SellIn = -1
        Quality = -1
    }
}
[Sulfuras, Hand of Ragnaros,-1,-2147483648] => new List<Item>()
{
    [0] = new Item()
    {
        Name = "Sulfuras, Hand of Ragnaros"
        SellIn = -2147483648
        Quality = -1
    }
}
[Sulfuras, Hand of Ragnaros,-1,2147483647] => new List<Item>()
{
    [0] = new Item()
    {
        Name = "Sulfuras, Hand of Ragnaros"
        SellIn = 2147483647
        Quality = -1
    }
}
[Sulfuras, Hand of Ragnaros,50,11] => new List<Item>()
{
    [0] = new Item()
    {
        Name = "Sulfuras, Hand of Ragnaros"
        SellIn = 11
        Quality = 50
    }
}
[Sulfuras, Hand of Ragnaros,50,6] => new List<Item>()
{
    [0] = new Item()
    {
        Name = "Sulfuras, Hand of Ragnaros"
        SellIn = 6
        Quality = 50
    }
}
[Sulfuras, Hand of Ragnaros,50,0] => new List<Item>()
{
    [0] = new Item()
    {
        Name = "Sulfuras, Hand of Ragnaros"
        SellIn = 0
        Quality = 50
    }
}
[Sulfuras, Hand of Ragnaros,50,-1] => new List<Item>()
{
    [0] = new Item()
    {
        Name = "Sulfuras, Hand of Ragnaros"
        SellIn = -1
        Quality = 50
    }
}
[Sulfuras, Hand of Ragnaros,50,-2147483648] => new List<Item>()
{
    [0] = new Item()
    {
        Name = "Sulfuras, Hand of Ragnaros"
        SellIn = -2147483648
        Quality = 50
    }
}
[Sulfuras, Hand of Ragnaros,50,2147483647] => new List<Item>()
{
    [0] = new Item()
    {
        Name = "Sulfuras, Hand of Ragnaros"
        SellIn = 2147483647
        Quality = 50
    }
}
[Sulfuras, Hand of Ragnaros,51,11] => new List<Item>()
{
    [0] = new Item()
    {
        Name = "Sulfuras, Hand of Ragnaros"
        SellIn = 11
        Quality = 51
    }
}
[Sulfuras, Hand of Ragnaros,51,6] => new List<Item>()
{
    [0] = new Item()
    {
        Name = "Sulfuras, Hand of Ragnaros"
        SellIn = 6
        Quality = 51
    }
}
[Sulfuras, Hand of Ragnaros,51,0] => new List<Item>()
{
    [0] = new Item()
    {
        Name = "Sulfuras, Hand of Ragnaros"
        SellIn = 0
        Quality = 51
    }
}
[Sulfuras, Hand of Ragnaros,51,-1] => new List<Item>()
{
    [0] = new Item()
    {
        Name = "Sulfuras, Hand of Ragnaros"
        SellIn = -1
        Quality = 51
    }
}
[Sulfuras, Hand of Ragnaros,51,-2147483648] => new List<Item>()
{
    [0] = new Item()
    {
        Name = "Sulfuras, Hand of Ragnaros"
        SellIn = -2147483648
        Quality = 51
    }
}
[Sulfuras, Hand of Ragnaros,51,2147483647] => new List<Item>()
{
    [0] = new Item()
    {
        Name = "Sulfuras, Hand of Ragnaros"
        SellIn = 2147483647
        Quality = 51
    }
}
[Sulfuras, Hand of Ragnaros,-2147483648,11] => new List<Item>()
{
    [0] = new Item()
    {
        Name = "Sulfuras, Hand of Ragnaros"
        SellIn = 11
        Quality = -2147483648
    }
}
[Sulfuras, Hand of Ragnaros,-2147483648,6] => new List<Item>()
{
    [0] = new Item()
    {
        Name = "Sulfuras, Hand of Ragnaros"
        SellIn = 6
        Quality = -2147483648
    }
}
[Sulfuras, Hand of Ragnaros,-2147483648,0] => new List<Item>()
{
    [0] = new Item()
    {
        Name = "Sulfuras, Hand of Ragnaros"
        SellIn = 0
        Quality = -2147483648
    }
}
[Sulfuras, Hand of Ragnaros,-2147483648,-1] => new List<Item>()
{
    [0] = new Item()
    {
        Name = "Sulfuras, Hand of Ragnaros"
        SellIn = -1
        Quality = -2147483648
    }
}
[Sulfuras, Hand of Ragnaros,-2147483648,-2147483648] => new List<Item>()
{
    [0] = new Item()
    {
        Name = "Sulfuras, Hand of Ragnaros"
        SellIn = -2147483648
        Quality = -2147483648
    }
}
[Sulfuras, Hand of Ragnaros,-2147483648,2147483647] => new List<Item>()
{
    [0] = new Item()
    {
        Name = "Sulfuras, Hand of Ragnaros"
        SellIn = 2147483647
        Quality = -2147483648
    }
}
[Sulfuras, Hand of Ragnaros,2147483647,11] => new List<Item>()
{
    [0] = new Item()
    {
        Name = "Sulfuras, Hand of Ragnaros"
        SellIn = 11
        Quality = 2147483647
    }
}
[Sulfuras, Hand of Ragnaros,2147483647,6] => new List<Item>()
{
    [0] = new Item()
    {
        Name = "Sulfuras, Hand of Ragnaros"
        SellIn = 6
        Quality = 2147483647
    }
}
[Sulfuras, Hand of Ragnaros,2147483647,0] => new List<Item>()
{
    [0] = new Item()
    {
        Name = "Sulfuras, Hand of Ragnaros"
        SellIn = 0
        Quality = 2147483647
    }
}
[Sulfuras, Hand of Ragnaros,2147483647,-1] => new List<Item>()
{
    [0] = new Item()
    {
        Name = "Sulfuras, Hand of Ragnaros"
        SellIn = -1
        Quality = 2147483647
    }
}
[Sulfuras, Hand of Ragnaros,2147483647,-2147483648] => new List<Item>()
{
    [0] = new Item()
    {
        Name = "Sulfuras, Hand of Ragnaros"
        SellIn = -2147483648
        Quality = 2147483647
    }
}
[Sulfuras, Hand of Ragnaros,2147483647,2147483647] => new List<Item>()
{
    [0] = new Item()
    {
        Name = "Sulfuras, Hand of Ragnaros"
        SellIn = 2147483647
        Quality = 2147483647
    }
}
